build-windows	Set up job	ï»¿2025-12-01T03:35:39.4217128Z Current runner version: '2.329.0'
build-windows	Set up job	2025-12-01T03:35:39.4270788Z ##[group]Runner Image Provisioner
build-windows	Set up job	2025-12-01T03:35:39.4271594Z Hosted Compute Agent
build-windows	Set up job	2025-12-01T03:35:39.4272155Z Version: 20251016.436
build-windows	Set up job	2025-12-01T03:35:39.4272719Z Commit: 8ab8ac8bfd662a3739dab9fe09456aba92132568
build-windows	Set up job	2025-12-01T03:35:39.4273364Z Build Date: 2025-10-15T20:44:12Z
build-windows	Set up job	2025-12-01T03:35:39.4273939Z ##[endgroup]
build-windows	Set up job	2025-12-01T03:35:39.4274437Z ##[group]Operating System
build-windows	Set up job	2025-12-01T03:35:39.4274953Z Microsoft Windows Server 2025
build-windows	Set up job	2025-12-01T03:35:39.4275503Z 10.0.26100
build-windows	Set up job	2025-12-01T03:35:39.4275920Z Datacenter
build-windows	Set up job	2025-12-01T03:35:39.4276362Z ##[endgroup]
build-windows	Set up job	2025-12-01T03:35:39.4276781Z ##[group]Runner Image
build-windows	Set up job	2025-12-01T03:35:39.4277345Z Image: windows-2025
build-windows	Set up job	2025-12-01T03:35:39.4277780Z Version: 20251102.77.1
build-windows	Set up job	2025-12-01T03:35:39.4278736Z Included Software: https://github.com/actions/runner-images/blob/win25/20251102.77/images/windows/Windows2025-Readme.md
build-windows	Set up job	2025-12-01T03:35:39.4280052Z Image Release: https://github.com/actions/runner-images/releases/tag/win25%2F20251102.77
build-windows	Set up job	2025-12-01T03:35:39.4281361Z ##[endgroup]
build-windows	Set up job	2025-12-01T03:35:39.4282374Z ##[group]GITHUB_TOKEN Permissions
build-windows	Set up job	2025-12-01T03:35:39.4284237Z Contents: read
build-windows	Set up job	2025-12-01T03:35:39.4284789Z Metadata: read
build-windows	Set up job	2025-12-01T03:35:39.4285292Z Packages: read
build-windows	Set up job	2025-12-01T03:35:39.4285744Z ##[endgroup]
build-windows	Set up job	2025-12-01T03:35:39.4288363Z Secret source: Actions
build-windows	Set up job	2025-12-01T03:35:39.4289020Z Prepare workflow directory
build-windows	Set up job	2025-12-01T03:35:39.4689866Z Prepare all required actions
build-windows	Set up job	2025-12-01T03:35:39.4732905Z Getting action download info
build-windows	Set up job	2025-12-01T03:35:39.6933724Z Download action repository 'actions/checkout@v4' (SHA:34e114876b0b11c390a56381ad16ebd13914f8d5)
build-windows	Set up job	2025-12-01T03:35:40.1118952Z Download action repository 'actions/setup-python@v4' (SHA:7f4fc3e22c37d6ff65e88745f38bd3157c663f7c)
build-windows	Set up job	2025-12-01T03:35:40.3618661Z Complete job name: build-windows
build-windows	Checkout	ï»¿2025-12-01T03:35:40.5053667Z ##[group]Run actions/checkout@v4
build-windows	Checkout	2025-12-01T03:35:40.5054627Z with:
build-windows	Checkout	2025-12-01T03:35:40.5055005Z   repository: KOBA1616/DM_simulation
build-windows	Checkout	2025-12-01T03:35:40.5055653Z   token: ***
build-windows	Checkout	2025-12-01T03:35:40.5056013Z   ssh-strict: true
build-windows	Checkout	2025-12-01T03:35:40.5056364Z   ssh-user: git
build-windows	Checkout	2025-12-01T03:35:40.5056721Z   persist-credentials: true
build-windows	Checkout	2025-12-01T03:35:40.5057123Z   clean: true
build-windows	Checkout	2025-12-01T03:35:40.5057490Z   sparse-checkout-cone-mode: true
build-windows	Checkout	2025-12-01T03:35:40.5057921Z   fetch-depth: 1
build-windows	Checkout	2025-12-01T03:35:40.5058266Z   fetch-tags: false
build-windows	Checkout	2025-12-01T03:35:40.5058620Z   show-progress: true
build-windows	Checkout	2025-12-01T03:35:40.5058979Z   lfs: false
build-windows	Checkout	2025-12-01T03:35:40.5059308Z   submodules: false
build-windows	Checkout	2025-12-01T03:35:40.5059693Z   set-safe-directory: true
build-windows	Checkout	2025-12-01T03:35:40.5060451Z ##[endgroup]
build-windows	Checkout	2025-12-01T03:35:40.6822606Z Syncing repository: KOBA1616/DM_simulation
build-windows	Checkout	2025-12-01T03:35:40.6824221Z ##[group]Getting Git version info
build-windows	Checkout	2025-12-01T03:35:40.6824835Z Working directory is 'D:\a\DM_simulation\DM_simulation'
build-windows	Checkout	2025-12-01T03:35:40.7897083Z [command]"C:\Program Files\Git\bin\git.exe" version
build-windows	Checkout	2025-12-01T03:35:41.2132522Z git version 2.51.2.windows.1
build-windows	Checkout	2025-12-01T03:35:41.2191155Z ##[endgroup]
build-windows	Checkout	2025-12-01T03:35:41.2215267Z Temporarily overriding HOME='D:\a\_temp\12a35edf-d955-4b9e-9e55-3b572616083a' before making global git config changes
build-windows	Checkout	2025-12-01T03:35:41.2217692Z Adding repository directory to the temporary git global config as a safe directory
build-windows	Checkout	2025-12-01T03:35:41.2229009Z [command]"C:\Program Files\Git\bin\git.exe" config --global --add safe.directory D:\a\DM_simulation\DM_simulation
build-windows	Checkout	2025-12-01T03:35:41.2827575Z Deleting the contents of 'D:\a\DM_simulation\DM_simulation'
build-windows	Checkout	2025-12-01T03:35:41.2833966Z ##[group]Initializing the repository
build-windows	Checkout	2025-12-01T03:35:41.2843681Z [command]"C:\Program Files\Git\bin\git.exe" init D:\a\DM_simulation\DM_simulation
build-windows	Checkout	2025-12-01T03:35:41.3664227Z Initialized empty Git repository in D:/a/DM_simulation/DM_simulation/.git/
build-windows	Checkout	2025-12-01T03:35:41.3703379Z [command]"C:\Program Files\Git\bin\git.exe" remote add origin https://github.com/KOBA1616/DM_simulation
build-windows	Checkout	2025-12-01T03:35:41.4259410Z ##[endgroup]
build-windows	Checkout	2025-12-01T03:35:41.4260326Z ##[group]Disabling automatic garbage collection
build-windows	Checkout	2025-12-01T03:35:41.4274190Z [command]"C:\Program Files\Git\bin\git.exe" config --local gc.auto 0
build-windows	Checkout	2025-12-01T03:35:41.4576991Z ##[endgroup]
build-windows	Checkout	2025-12-01T03:35:41.4578064Z ##[group]Setting up auth
build-windows	Checkout	2025-12-01T03:35:41.4589258Z [command]"C:\Program Files\Git\bin\git.exe" config --local --name-only --get-regexp core\.sshCommand
build-windows	Checkout	2025-12-01T03:35:41.4873515Z [command]"C:\Program Files\Git\bin\git.exe" submodule foreach --recursive "sh -c \"git config --local --name-only --get-regexp 'core\.sshCommand' && git config --local --unset-all 'core.sshCommand' || :\""
build-windows	Checkout	2025-12-01T03:35:43.1616570Z [command]"C:\Program Files\Git\bin\git.exe" config --local --name-only --get-regexp http\.https\:\/\/github\.com\/\.extraheader
build-windows	Checkout	2025-12-01T03:35:43.1901152Z [command]"C:\Program Files\Git\bin\git.exe" submodule foreach --recursive "sh -c \"git config --local --name-only --get-regexp 'http\.https\:\/\/github\.com\/\.extraheader' && git config --local --unset-all 'http.https://github.com/.extraheader' || :\""
build-windows	Checkout	2025-12-01T03:35:43.6998530Z [command]"C:\Program Files\Git\bin\git.exe" config --local --name-only --get-regexp ^includeIf\.gitdir:
build-windows	Checkout	2025-12-01T03:35:43.7278589Z [command]"C:\Program Files\Git\bin\git.exe" submodule foreach --recursive "git config --local --show-origin --name-only --get-regexp remote.origin.url"
build-windows	Checkout	2025-12-01T03:35:44.2258364Z [command]"C:\Program Files\Git\bin\git.exe" config --local http.https://github.com/.extraheader "AUTHORIZATION: basic ***"
build-windows	Checkout	2025-12-01T03:35:44.2549173Z ##[endgroup]
build-windows	Checkout	2025-12-01T03:35:44.2549956Z ##[group]Fetching the repository
build-windows	Checkout	2025-12-01T03:35:44.2563926Z [command]"C:\Program Files\Git\bin\git.exe" -c protocol.version=2 fetch --no-tags --prune --no-recurse-submodules --depth=1 origin +3ef3c7c16cce6da189f9fe9fab8c32ea850318f0:refs/remotes/pull/2/merge
build-windows	Checkout	2025-12-01T03:35:46.2534494Z From https://github.com/KOBA1616/DM_simulation
build-windows	Checkout	2025-12-01T03:35:46.2856047Z  * [new ref]         3ef3c7c16cce6da189f9fe9fab8c32ea850318f0 -> pull/2/merge
build-windows	Checkout	2025-12-01T03:35:46.2858106Z ##[endgroup]
build-windows	Checkout	2025-12-01T03:35:46.2858676Z ##[group]Determining the checkout info
build-windows	Checkout	2025-12-01T03:35:46.2860456Z ##[endgroup]
build-windows	Checkout	2025-12-01T03:35:46.2871432Z [command]"C:\Program Files\Git\bin\git.exe" sparse-checkout disable
build-windows	Checkout	2025-12-01T03:35:46.3343928Z [command]"C:\Program Files\Git\bin\git.exe" config --local --unset-all extensions.worktreeConfig
build-windows	Checkout	2025-12-01T03:35:46.3633693Z ##[group]Checking out the ref
build-windows	Checkout	2025-12-01T03:35:46.3644298Z [command]"C:\Program Files\Git\bin\git.exe" checkout --progress --force refs/remotes/pull/2/merge
build-windows	Checkout	2025-12-01T03:35:46.9196256Z Note: switching to 'refs/remotes/pull/2/merge'.
build-windows	Checkout	2025-12-01T03:35:46.9196725Z 
build-windows	Checkout	2025-12-01T03:35:46.9196950Z You are in 'detached HEAD' state. You can look around, make experimental
build-windows	Checkout	2025-12-01T03:35:46.9197603Z changes and commit them, and you can discard any commits you make in this
build-windows	Checkout	2025-12-01T03:35:46.9198383Z state without impacting any branches by switching back to a branch.
build-windows	Checkout	2025-12-01T03:35:46.9199082Z 
build-windows	Checkout	2025-12-01T03:35:46.9199329Z If you want to create a new branch to retain commits you create, you may
build-windows	Checkout	2025-12-01T03:35:46.9200054Z do so (now or later) by using -c with the switch command. Example:
build-windows	Checkout	2025-12-01T03:35:46.9200398Z 
build-windows	Checkout	2025-12-01T03:35:46.9200599Z   git switch -c <new-branch-name>
build-windows	Checkout	2025-12-01T03:35:46.9200832Z 
build-windows	Checkout	2025-12-01T03:35:46.9200993Z Or undo this operation with:
build-windows	Checkout	2025-12-01T03:35:46.9201281Z 
build-windows	Checkout	2025-12-01T03:35:46.9201421Z   git switch -
build-windows	Checkout	2025-12-01T03:35:46.9201599Z 
build-windows	Checkout	2025-12-01T03:35:46.9201920Z Turn off this advice by setting config variable advice.detachedHead to false
build-windows	Checkout	2025-12-01T03:35:46.9202436Z 
build-windows	Checkout	2025-12-01T03:35:46.9203034Z HEAD is now at 3ef3c7c Merge e0f17b110a44765d96bf4d404b533e0e2a1e2022 into bcac05a0255cd83c642ae9b4688692c2993513cc
build-windows	Checkout	2025-12-01T03:35:46.9291924Z ##[endgroup]
build-windows	Checkout	2025-12-01T03:35:46.9743173Z [command]"C:\Program Files\Git\bin\git.exe" log -1 --format=%H
build-windows	Checkout	2025-12-01T03:35:47.0000174Z 3ef3c7c16cce6da189f9fe9fab8c32ea850318f0
build-windows	Setup Python 3.12	ï»¿2025-12-01T03:35:47.0409858Z ##[group]Run actions/setup-python@v4
build-windows	Setup Python 3.12	2025-12-01T03:35:47.0410872Z with:
build-windows	Setup Python 3.12	2025-12-01T03:35:47.0411041Z   python-version: 3.12
build-windows	Setup Python 3.12	2025-12-01T03:35:47.0411239Z   check-latest: false
build-windows	Setup Python 3.12	2025-12-01T03:35:47.0411557Z   token: ***
build-windows	Setup Python 3.12	2025-12-01T03:35:47.0411747Z   update-environment: true
build-windows	Setup Python 3.12	2025-12-01T03:35:47.0411956Z   allow-prereleases: false
build-windows	Setup Python 3.12	2025-12-01T03:35:47.0412135Z ##[endgroup]
build-windows	Setup Python 3.12	2025-12-01T03:35:47.2701610Z ##[group]Installed versions
build-windows	Setup Python 3.12	2025-12-01T03:35:47.3031647Z Successfully set up CPython (3.12.10)
build-windows	Setup Python 3.12	2025-12-01T03:35:47.3033284Z ##[endgroup]
build-windows	Install pip dependencies	ï»¿2025-12-01T03:35:47.3329659Z ##[group]Run python -m pip install --upgrade pip
build-windows	Install pip dependencies	2025-12-01T03:35:47.3330136Z [36;1mpython -m pip install --upgrade pip[0m
build-windows	Install pip dependencies	2025-12-01T03:35:47.3330463Z [36;1mpip install pytest numpy pybind11[0m
build-windows	Install pip dependencies	2025-12-01T03:35:47.4192268Z shell: C:\Program Files\PowerShell\7\pwsh.EXE -command ". '{0}'"
build-windows	Install pip dependencies	2025-12-01T03:35:47.4192746Z env:
build-windows	Install pip dependencies	2025-12-01T03:35:47.4193087Z   pythonLocation: C:\hostedtoolcache\windows\Python\3.12.10\x64
build-windows	Install pip dependencies	2025-12-01T03:35:47.4193711Z   PKG_CONFIG_PATH: C:\hostedtoolcache\windows\Python\3.12.10\x64/lib/pkgconfig
build-windows	Install pip dependencies	2025-12-01T03:35:47.4194723Z   Python_ROOT_DIR: C:\hostedtoolcache\windows\Python\3.12.10\x64
build-windows	Install pip dependencies	2025-12-01T03:35:47.4195331Z   Python2_ROOT_DIR: C:\hostedtoolcache\windows\Python\3.12.10\x64
build-windows	Install pip dependencies	2025-12-01T03:35:47.4195857Z   Python3_ROOT_DIR: C:\hostedtoolcache\windows\Python\3.12.10\x64
build-windows	Install pip dependencies	2025-12-01T03:35:47.4196271Z ##[endgroup]
build-windows	Install pip dependencies	2025-12-01T03:35:57.3580331Z Requirement already satisfied: pip in c:\hostedtoolcache\windows\python\3.12.10\x64\lib\site-packages (25.3)
build-windows	Install pip dependencies	2025-12-01T03:35:59.6433178Z Collecting pytest
build-windows	Install pip dependencies	2025-12-01T03:35:59.9305638Z   Downloading pytest-9.0.1-py3-none-any.whl.metadata (7.6 kB)
build-windows	Install pip dependencies	2025-12-01T03:36:00.2041840Z Collecting numpy
build-windows	Install pip dependencies	2025-12-01T03:36:00.2249305Z   Downloading numpy-2.3.5-cp312-cp312-win_amd64.whl.metadata (60 kB)
build-windows	Install pip dependencies	2025-12-01T03:36:00.3632643Z Collecting pybind11
build-windows	Install pip dependencies	2025-12-01T03:36:00.3878591Z   Downloading pybind11-3.0.1-py3-none-any.whl.metadata (10.0 kB)
build-windows	Install pip dependencies	2025-12-01T03:36:00.4453072Z Collecting colorama>=0.4 (from pytest)
build-windows	Install pip dependencies	2025-12-01T03:36:00.4654687Z   Downloading colorama-0.4.6-py2.py3-none-any.whl.metadata (17 kB)
build-windows	Install pip dependencies	2025-12-01T03:36:00.5254841Z Collecting iniconfig>=1.0.1 (from pytest)
build-windows	Install pip dependencies	2025-12-01T03:36:00.5457831Z   Downloading iniconfig-2.3.0-py3-none-any.whl.metadata (2.5 kB)
build-windows	Install pip dependencies	2025-12-01T03:36:00.6015768Z Collecting packaging>=22 (from pytest)
build-windows	Install pip dependencies	2025-12-01T03:36:00.6215642Z   Downloading packaging-25.0-py3-none-any.whl.metadata (3.3 kB)
build-windows	Install pip dependencies	2025-12-01T03:36:00.6838417Z Collecting pluggy<2,>=1.5 (from pytest)
build-windows	Install pip dependencies	2025-12-01T03:36:00.7038854Z   Downloading pluggy-1.6.0-py3-none-any.whl.metadata (4.8 kB)
build-windows	Install pip dependencies	2025-12-01T03:36:00.7743668Z Collecting pygments>=2.7.2 (from pytest)
build-windows	Install pip dependencies	2025-12-01T03:36:00.7942414Z   Downloading pygments-2.19.2-py3-none-any.whl.metadata (2.5 kB)
build-windows	Install pip dependencies	2025-12-01T03:36:00.8464305Z Downloading pytest-9.0.1-py3-none-any.whl (373 kB)
build-windows	Install pip dependencies	2025-12-01T03:36:00.9400276Z Downloading pluggy-1.6.0-py3-none-any.whl (20 kB)
build-windows	Install pip dependencies	2025-12-01T03:36:00.9811245Z Downloading numpy-2.3.5-cp312-cp312-win_amd64.whl (12.8 MB)
build-windows	Install pip dependencies	2025-12-01T03:36:01.1400347Z    ---------------------------------------- 12.8/12.8 MB 80.3 MB/s  0:00:00
build-windows	Install pip dependencies	2025-12-01T03:36:01.1603044Z Downloading pybind11-3.0.1-py3-none-any.whl (293 kB)
build-windows	Install pip dependencies	2025-12-01T03:36:01.2061250Z Downloading colorama-0.4.6-py2.py3-none-any.whl (25 kB)
build-windows	Install pip dependencies	2025-12-01T03:36:01.2539083Z Downloading iniconfig-2.3.0-py3-none-any.whl (7.5 kB)
build-windows	Install pip dependencies	2025-12-01T03:36:01.2914815Z Downloading packaging-25.0-py3-none-any.whl (66 kB)
build-windows	Install pip dependencies	2025-12-01T03:36:01.3341313Z Downloading pygments-2.19.2-py3-none-any.whl (1.2 MB)
build-windows	Install pip dependencies	2025-12-01T03:36:01.3677385Z    ---------------------------------------- 1.2/1.2 MB 30.1 MB/s  0:00:00
build-windows	Install pip dependencies	2025-12-01T03:36:01.4626202Z Installing collected packages: pygments, pybind11, pluggy, packaging, numpy, iniconfig, colorama, pytest
build-windows	Install pip dependencies	2025-12-01T03:36:07.8818736Z 
build-windows	Install pip dependencies	2025-12-01T03:36:07.8837185Z Successfully installed colorama-0.4.6 iniconfig-2.3.0 numpy-2.3.5 packaging-25.0 pluggy-1.6.0 pybind11-3.0.1 pygments-2.19.2 pytest-9.0.1
build-windows	Configure CMake (use pybind11 cmake dir)	ï»¿2025-12-01T03:36:08.6896579Z ##[group]Run $pybind_dir = (python -m pybind11 --cmakedir).Trim()
build-windows	Configure CMake (use pybind11 cmake dir)	2025-12-01T03:36:08.6897286Z [36;1m$pybind_dir = (python -m pybind11 --cmakedir).Trim()[0m
build-windows	Configure CMake (use pybind11 cmake dir)	2025-12-01T03:36:08.6897626Z [36;1mif ([string]::IsNullOrWhiteSpace($pybind_dir)) {[0m
build-windows	Configure CMake (use pybind11 cmake dir)	2025-12-01T03:36:08.6898159Z [36;1m  Write-Error "pybind11 cmake dir is empty. Make sure pybind11 is installed and python -m pybind11 --cmakedir works."[0m
build-windows	Configure CMake (use pybind11 cmake dir)	2025-12-01T03:36:08.6898602Z [36;1m  exit 1[0m
build-windows	Configure CMake (use pybind11 cmake dir)	2025-12-01T03:36:08.6898768Z [36;1m}[0m
build-windows	Configure CMake (use pybind11 cmake dir)	2025-12-01T03:36:08.6898956Z [36;1mWrite-Host "pybind11 cmake dir: $pybind_dir"[0m
build-windows	Configure CMake (use pybind11 cmake dir)	2025-12-01T03:36:08.6899368Z [36;1m# Pass both CMAKE_PREFIX_PATH and pybind11_DIR to help CMake locate pybind11 on Windows[0m
build-windows	Configure CMake (use pybind11 cmake dir)	2025-12-01T03:36:08.6899950Z [36;1mcmake -S . -B build -DCMAKE_BUILD_TYPE=Release -DCMAKE_PREFIX_PATH="$pybind_dir" -Dpybind11_DIR="$pybind_dir"[0m
build-windows	Configure CMake (use pybind11 cmake dir)	2025-12-01T03:36:08.6961439Z shell: C:\Program Files\PowerShell\7\pwsh.EXE -command ". '{0}'"
build-windows	Configure CMake (use pybind11 cmake dir)	2025-12-01T03:36:08.6961745Z env:
build-windows	Configure CMake (use pybind11 cmake dir)	2025-12-01T03:36:08.6962028Z   pythonLocation: C:\hostedtoolcache\windows\Python\3.12.10\x64
build-windows	Configure CMake (use pybind11 cmake dir)	2025-12-01T03:36:08.6962465Z   PKG_CONFIG_PATH: C:\hostedtoolcache\windows\Python\3.12.10\x64/lib/pkgconfig
build-windows	Configure CMake (use pybind11 cmake dir)	2025-12-01T03:36:08.6962875Z   Python_ROOT_DIR: C:\hostedtoolcache\windows\Python\3.12.10\x64
build-windows	Configure CMake (use pybind11 cmake dir)	2025-12-01T03:36:08.6963239Z   Python2_ROOT_DIR: C:\hostedtoolcache\windows\Python\3.12.10\x64
build-windows	Configure CMake (use pybind11 cmake dir)	2025-12-01T03:36:08.6963592Z   Python3_ROOT_DIR: C:\hostedtoolcache\windows\Python\3.12.10\x64
build-windows	Configure CMake (use pybind11 cmake dir)	2025-12-01T03:36:08.6963862Z ##[endgroup]
build-windows	Configure CMake (use pybind11 cmake dir)	2025-12-01T03:36:09.4410807Z pybind11 cmake dir: C:\hostedtoolcache\windows\Python\3.12.10\x64\Lib\site-packages\pybind11\share\cmake\pybind11
build-windows	Configure CMake (use pybind11 cmake dir)	2025-12-01T03:36:10.2304988Z -- Building for: Visual Studio 17 2022
build-windows	Configure CMake (use pybind11 cmake dir)	2025-12-01T03:36:19.9512381Z -- The CXX compiler identification is MSVC 19.44.35219.0
build-windows	Configure CMake (use pybind11 cmake dir)	2025-12-01T03:36:20.1366033Z -- Detecting CXX compiler ABI info
build-windows	Configure CMake (use pybind11 cmake dir)	2025-12-01T03:36:21.3566567Z -- Detecting CXX compiler ABI info - done
build-windows	Configure CMake (use pybind11 cmake dir)	2025-12-01T03:36:21.3749419Z -- Check for working CXX compiler: C:/Program Files/Microsoft Visual Studio/2022/Enterprise/VC/Tools/MSVC/14.44.35207/bin/Hostx64/x64/cl.exe - skipped
build-windows	Configure CMake (use pybind11 cmake dir)	2025-12-01T03:36:21.3765625Z -- Detecting CXX compile features
build-windows	Configure CMake (use pybind11 cmake dir)	2025-12-01T03:36:21.3824114Z -- Detecting CXX compile features - done
build-windows	Configure CMake (use pybind11 cmake dir)	2025-12-01T03:36:21.4375703Z CMake Warning (dev) at C:/hostedtoolcache/windows/Python/3.12.10/x64/Lib/site-packages/pybind11/share/cmake/pybind11/FindPythonLibsNew.cmake:101 (message):
build-windows	Configure CMake (use pybind11 cmake dir)	2025-12-01T03:36:21.4376791Z   Policy CMP0148 is not set: The FindPythonInterp and FindPythonLibs modules
build-windows	Configure CMake (use pybind11 cmake dir)	2025-12-01T03:36:21.4377385Z   are removed.  Run "cmake --help-policy CMP0148" for policy details.  Use
build-windows	Configure CMake (use pybind11 cmake dir)	2025-12-01T03:36:21.4377976Z   the cmake_policy command to set the policy and suppress this warning, or
build-windows	Configure CMake (use pybind11 cmake dir)	2025-12-01T03:36:21.4378557Z   preferably upgrade to using FindPython, either by calling it explicitly
build-windows	Configure CMake (use pybind11 cmake dir)	2025-12-01T03:36:21.4379190Z   before pybind11, or by setting PYBIND11_FINDPYTHON ON before pybind11.
build-windows	Configure CMake (use pybind11 cmake dir)	2025-12-01T03:36:21.4379726Z Call Stack (most recent call first):
build-windows	Configure CMake (use pybind11 cmake dir)	2025-12-01T03:36:21.4380549Z   C:/hostedtoolcache/windows/Python/3.12.10/x64/Lib/site-packages/pybind11/share/cmake/pybind11/pybind11Tools.cmake:44 (find_package)
build-windows	Configure CMake (use pybind11 cmake dir)	2025-12-01T03:36:21.4381784Z   C:/hostedtoolcache/windows/Python/3.12.10/x64/Lib/site-packages/pybind11/share/cmake/pybind11/pybind11Common.cmake:226 (include)
build-windows	Configure CMake (use pybind11 cmake dir)	2025-12-01T03:36:21.4382971Z   C:/hostedtoolcache/windows/Python/3.12.10/x64/Lib/site-packages/pybind11/share/cmake/pybind11/pybind11Config.cmake:257 (include)
build-windows	Configure CMake (use pybind11 cmake dir)	2025-12-01T03:36:21.4383733Z   CMakeLists.txt:25 (find_package)
build-windows	Configure CMake (use pybind11 cmake dir)	2025-12-01T03:36:21.4384160Z This warning is for project developers.  Use -Wno-dev to suppress it.
build-windows	Configure CMake (use pybind11 cmake dir)	2025-12-01T03:36:21.4384521Z 
build-windows	Configure CMake (use pybind11 cmake dir)	2025-12-01T03:36:21.5144014Z -- Found PythonLibs: C:/hostedtoolcache/windows/Python/3.12.10/x64/libs/python312.lib
build-windows	Configure CMake (use pybind11 cmake dir)	2025-12-01T03:36:21.5253432Z -- Performing Test HAS_MSVC_GL_LTCG
build-windows	Configure CMake (use pybind11 cmake dir)	2025-12-01T03:36:22.4381931Z -- Performing Test HAS_MSVC_GL_LTCG - Success
build-windows	Configure CMake (use pybind11 cmake dir)	2025-12-01T03:36:22.4398570Z -- LibTorch disabled (USE_LIBTORCH=OFF)
build-windows	Configure CMake (use pybind11 cmake dir)	2025-12-01T03:36:22.4404514Z -- Configuring done (12.2s)
build-windows	Configure CMake (use pybind11 cmake dir)	2025-12-01T03:36:22.4847489Z -- Generating done (0.0s)
build-windows	Configure CMake (use pybind11 cmake dir)	2025-12-01T03:36:22.4856580Z -- Build files have been written to: D:/a/DM_simulation/DM_simulation/build
build-windows	Build (Release)	ï»¿2025-12-01T03:36:22.5698464Z ##[group]Run cmake --build build --config Release --parallel
build-windows	Build (Release)	2025-12-01T03:36:22.5699297Z [36;1mcmake --build build --config Release --parallel[0m
build-windows	Build (Release)	2025-12-01T03:36:22.5760878Z shell: C:\Program Files\PowerShell\7\pwsh.EXE -command ". '{0}'"
build-windows	Build (Release)	2025-12-01T03:36:22.5761174Z env:
build-windows	Build (Release)	2025-12-01T03:36:22.5761419Z   pythonLocation: C:\hostedtoolcache\windows\Python\3.12.10\x64
build-windows	Build (Release)	2025-12-01T03:36:22.5761807Z   PKG_CONFIG_PATH: C:\hostedtoolcache\windows\Python\3.12.10\x64/lib/pkgconfig
build-windows	Build (Release)	2025-12-01T03:36:22.5762189Z   Python_ROOT_DIR: C:\hostedtoolcache\windows\Python\3.12.10\x64
build-windows	Build (Release)	2025-12-01T03:36:22.5762529Z   Python2_ROOT_DIR: C:\hostedtoolcache\windows\Python\3.12.10\x64
build-windows	Build (Release)	2025-12-01T03:36:22.5762895Z   Python3_ROOT_DIR: C:\hostedtoolcache\windows\Python\3.12.10\x64
build-windows	Build (Release)	2025-12-01T03:36:22.5763183Z ##[endgroup]
build-windows	Build (Release)	2025-12-01T03:36:22.9478065Z MSBuild version 17.14.23+b0019275e for .NET Framework
build-windows	Build (Release)	2025-12-01T03:36:22.9815787Z 
build-windows	Build (Release)	2025-12-01T03:36:23.3673029Z   1>Checking Build System
build-windows	Build (Release)	2025-12-01T03:36:23.7136496Z   Building Custom Rule D:/a/DM_simulation/DM_simulation/CMakeLists.txt
build-windows	Build (Release)	2025-12-01T03:36:23.8572040Z   action_generator.cpp
build-windows	Build (Release)	2025-12-01T03:36:29.0333062Z   phase_manager.cpp
build-windows	Build (Release)	2025-12-01T03:36:31.3373571Z D:\a\DM_simulation\DM_simulation\src\engine\flow\phase_manager.cpp(77,45): warning C4100: 'game_state': unreferenced parameter [D:\a\DM_simulation\DM_simulation\build\dm_core.vcxproj]
build-windows	Build (Release)	2025-12-01T03:36:32.4514127Z   effect_resolver.cpp
build-windows	Build (Release)	2025-12-01T03:36:34.3391863Z D:\a\DM_simulation\DM_simulation\src\engine\effects\effect_resolver.cpp(247,55): warning C4267: '=': conversion from 'size_t' to 'int', possible loss of data [D:\a\DM_simulation\DM_simulation\build\dm_core.vcxproj]
build-windows	Build (Release)	2025-12-01T03:36:34.3482048Z D:\a\DM_simulation\DM_simulation\src\engine\effects\effect_resolver.cpp(240,134): warning C4100: 'card_db': unreferenced parameter [D:\a\DM_simulation\DM_simulation\build\dm_core.vcxproj]
build-windows	Build (Release)	2025-12-01T03:36:34.3484181Z D:\a\DM_simulation\DM_simulation\src\engine\effects\effect_resolver.cpp(268,17): warning C4189: 'opponent': local variable is initialized but not referenced [D:\a\DM_simulation\DM_simulation\build\dm_core.vcxproj]
build-windows	Build (Release)	2025-12-01T03:36:34.3540186Z D:\a\DM_simulation\DM_simulation\src\engine\effects\effect_resolver.cpp(473,126): warning C4100: 'card_db': unreferenced parameter [D:\a\DM_simulation\DM_simulation\build\dm_core.vcxproj]
build-windows	Build (Release)	2025-12-01T03:36:35.9300112Z   mana_system.cpp
build-windows	Build (Release)	2025-12-01T03:36:39.2992432Z   determinizer.cpp
build-windows	Build (Release)	2025-12-01T03:36:41.1659141Z D:\a\DM_simulation\DM_simulation\src\engine\utils\determinizer.cpp(26,103): warning C4244: 'argument': conversion from '_Rep' to 'unsigned int', possible loss of data [D:\a\DM_simulation\DM_simulation\build\dm_core.vcxproj]
build-windows	Build (Release)	2025-12-01T03:36:41.1661098Z D:\a\DM_simulation\DM_simulation\src\engine\utils\determinizer.cpp(26,103): warning C4244:         with [D:\a\DM_simulation\DM_simulation\build\dm_core.vcxproj]
build-windows	Build (Release)	2025-12-01T03:36:41.1662540Z D:\a\DM_simulation\DM_simulation\src\engine\utils\determinizer.cpp(26,103): warning C4244:         [ [D:\a\DM_simulation\DM_simulation\build\dm_core.vcxproj]
build-windows	Build (Release)	2025-12-01T03:36:41.1664308Z D:\a\DM_simulation\DM_simulation\src\engine\utils\determinizer.cpp(26,103): warning C4244:             _Rep=std::chrono::system_clock::rep [D:\a\DM_simulation\DM_simulation\build\dm_core.vcxproj]
build-windows	Build (Release)	2025-12-01T03:36:41.1665918Z D:\a\DM_simulation\DM_simulation\src\engine\utils\determinizer.cpp(26,103): warning C4244:         ] [D:\a\DM_simulation\DM_simulation\build\dm_core.vcxproj]
build-windows	Build (Release)	2025-12-01T03:36:42.6826282Z   dev_tools.cpp
build-windows	Build (Release)	2025-12-01T03:36:44.5398204Z D:\a\DM_simulation\DM_simulation\src\engine\utils\dev_tools.cpp(37,20): warning C4267: 'initializing': conversion from 'size_t' to 'int', possible loss of data [D:\a\DM_simulation\DM_simulation\build\dm_core.vcxproj]
build-windows	Build (Release)	2025-12-01T03:36:46.0823989Z   card_registry.cpp
build-windows	Build (Release)	2025-12-01T03:36:49.5025396Z   generic_card_system.cpp
build-windows	Build (Release)	2025-12-01T03:36:51.3774501Z D:\a\DM_simulation\DM_simulation\src\engine\card_system\generic_card_system.cpp(107,103): warning C4100: 'source_instance_id': unreferenced parameter [D:\a\DM_simulation\DM_simulation\build\dm_core.vcxproj]
build-windows	Build (Release)	2025-12-01T03:36:51.3780013Z D:\a\DM_simulation\DM_simulation\src\engine\card_system\generic_card_system.cpp(107,56): warning C4100: 'game_state': unreferenced parameter [D:\a\DM_simulation\DM_simulation\build\dm_core.vcxproj]
build-windows	Build (Release)	2025-12-01T03:36:51.4016071Z D:\a\DM_simulation\DM_simulation\src\engine\card_system\generic_card_system.cpp(383,108): warning C4100: 'source_instance_id': unreferenced parameter [D:\a\DM_simulation\DM_simulation\build\dm_core.vcxproj]
build-windows	Build (Release)	2025-12-01T03:36:53.0034634Z   csv_loader.cpp
build-windows	Build (Release)	2025-12-01T03:36:54.0199954Z   tensor_converter.cpp
build-windows	Build (Release)	2025-12-01T03:36:57.4497167Z   action_encoder.cpp
build-windows	Build (Release)	2025-12-01T03:36:57.9301268Z   mcts.cpp
build-windows	Build (Release)	2025-12-01T03:37:01.4970411Z   heuristic_evaluator.cpp
build-windows	Build (Release)	2025-12-01T03:37:03.4011755Z D:\a\DM_simulation\DM_simulation\src\ai\inference\torch_model.hpp(23,89): warning C4100: 'input': unreferenced parameter [D:\a\DM_simulation\DM_simulation\build\dm_core.vcxproj]
build-windows	Build (Release)	2025-12-01T03:37:03.4013179Z   (compiling source file '../src/ai/evaluator/heuristic_evaluator.cpp')
build-windows	Build (Release)	2025-12-01T03:37:03.4013752Z   
build-windows	Build (Release)	2025-12-01T03:37:05.0038576Z   neural_evaluator.cpp
build-windows	Build (Release)	2025-12-01T03:37:06.9024890Z D:\a\DM_simulation\DM_simulation\src\ai\evaluator\neural_evaluator.cpp(37,44): warning C4101: 'e': unreferenced local variable [D:\a\DM_simulation\DM_simulation\build\dm_core.vcxproj]
build-windows	Build (Release)	2025-12-01T03:37:06.9026491Z D:\a\DM_simulation\DM_simulation\src\ai\evaluator\neural_evaluator.cpp(59,40): warning C4101: 'e': unreferenced local variable [D:\a\DM_simulation\DM_simulation\build\dm_core.vcxproj]
build-windows	Build (Release)	2025-12-01T03:37:08.4958141Z   self_play.cpp
build-windows	Build (Release)	2025-12-01T03:37:10.3936139Z D:\a\DM_simulation\DM_simulation\src\ai\self_play\self_play.cpp(116,84): warning C4267: 'argument': conversion from 'size_t' to '_Ty', possible loss of data [D:\a\DM_simulation\DM_simulation\build\dm_core.vcxproj]
build-windows	Build (Release)	2025-12-01T03:37:10.3937537Z D:\a\DM_simulation\DM_simulation\src\ai\self_play\self_play.cpp(116,84): warning C4267:         with [D:\a\DM_simulation\DM_simulation\build\dm_core.vcxproj]
build-windows	Build (Release)	2025-12-01T03:37:10.3938581Z D:\a\DM_simulation\DM_simulation\src\ai\self_play\self_play.cpp(116,84): warning C4267:         [ [D:\a\DM_simulation\DM_simulation\build\dm_core.vcxproj]
build-windows	Build (Release)	2025-12-01T03:37:10.3939593Z D:\a\DM_simulation\DM_simulation\src\ai\self_play\self_play.cpp(116,84): warning C4267:             _Ty=int [D:\a\DM_simulation\DM_simulation\build\dm_core.vcxproj]
build-windows	Build (Release)	2025-12-01T03:37:10.3940608Z D:\a\DM_simulation\DM_simulation\src\ai\self_play\self_play.cpp(116,84): warning C4267:         ] [D:\a\DM_simulation\DM_simulation\build\dm_core.vcxproj]
build-windows	Build (Release)	2025-12-01T03:37:12.0745039Z   parallel_runner.cpp
build-windows	Build (Release)	2025-12-01T03:37:14.2556907Z D:\a\DM_simulation\DM_simulation\src\ai\self_play\parallel_runner.cpp(29,25): warning C4267: 'initializing': conversion from 'size_t' to 'int', possible loss of data [D:\a\DM_simulation\DM_simulation\build\dm_core.vcxproj]
build-windows	Build (Release)	2025-12-01T03:37:14.2690594Z D:\a\DM_simulation\DM_simulation\src\ai\self_play\parallel_runner.cpp(107,57): warning C4267: 'argument': conversion from 'size_t' to '_Ty', possible loss of data [D:\a\DM_simulation\DM_simulation\build\dm_core.vcxproj]
build-windows	Build (Release)	2025-12-01T03:37:14.2692514Z D:\a\DM_simulation\DM_simulation\src\ai\self_play\parallel_runner.cpp(107,57): warning C4267:         with [D:\a\DM_simulation\DM_simulation\build\dm_core.vcxproj]
build-windows	Build (Release)	2025-12-01T03:37:14.2694060Z D:\a\DM_simulation\DM_simulation\src\ai\self_play\parallel_runner.cpp(107,57): warning C4267:         [ [D:\a\DM_simulation\DM_simulation\build\dm_core.vcxproj]
build-windows	Build (Release)	2025-12-01T03:37:14.2695612Z D:\a\DM_simulation\DM_simulation\src\ai\self_play\parallel_runner.cpp(107,57): warning C4267:             _Ty=int [D:\a\DM_simulation\DM_simulation\build\dm_core.vcxproj]
build-windows	Build (Release)	2025-12-01T03:37:14.2697109Z D:\a\DM_simulation\DM_simulation\src\ai\self_play\parallel_runner.cpp(107,57): warning C4267:         ] [D:\a\DM_simulation\DM_simulation\build\dm_core.vcxproj]
build-windows	Build (Release)	2025-12-01T03:37:16.1633044Z   python_batch_inference.cpp
build-windows	Build (Release)	2025-12-01T03:37:16.8406028Z   Generating Code...
build-windows	Build (Release)	2025-12-01T03:37:25.4361404Z   dm_core.vcxproj -> D:\a\DM_simulation\DM_simulation\build\Release\dm_core.lib
build-windows	Build (Release)	2025-12-01T03:37:25.5132413Z   Building Custom Rule D:/a/DM_simulation/DM_simulation/CMakeLists.txt
build-windows	Build (Release)	2025-12-01T03:37:25.5834320Z   bindings.cpp
build-windows	Build (Release)	2025-12-01T03:37:29.1834678Z D:\a\DM_simulation\DM_simulation\src\python\bindings.cpp(164,29): warning C4244: 'argument': conversion from 'int' to 'dm::core::CardID', possible loss of data [D:\a\DM_simulation\DM_simulation\build\dm_ai_module.vcxproj]
build-windows	Build (Release)	2025-12-01T03:37:29.2846481Z D:\a\DM_simulation\DM_simulation\src\python\bindings.cpp(349,50): error C2760: syntax error: 'n' was unexpected here; expected '}' [D:\a\DM_simulation\DM_simulation\build\dm_ai_module.vcxproj]
build-windows	Build (Release)	2025-12-01T03:37:29.2848919Z D:\a\DM_simulation\DM_simulation\src\python\bindings.cpp(349,51): error C3878: syntax error: unexpected token ',' following 'simple-declaration' [D:\a\DM_simulation\DM_simulation\build\dm_ai_module.vcxproj]
build-windows	Build (Release)	2025-12-01T03:37:29.2850822Z D:\a\DM_simulation\DM_simulation\src\python\bindings.cpp(349,62): error C3878: syntax error: unexpected token 'stride' following 'expression' [D:\a\DM_simulation\DM_simulation\build\dm_ai_module.vcxproj]
build-windows	Build (Release)	2025-12-01T03:37:29.2852464Z D:\a\DM_simulation\DM_simulation\src\python\bindings.cpp(349,68): error C2760: syntax error: '}' was unexpected here; expected ';' [D:\a\DM_simulation\DM_simulation\build\dm_ai_module.vcxproj]
build-windows	Build (Release)	2025-12-01T03:37:29.2853544Z D:\a\DM_simulation\DM_simulation\src\python\bindings.cpp(349,69): error C3878: syntax error: unexpected token ',' following 'simple-declaration' [D:\a\DM_simulation\DM_simulation\build\dm_ai_module.vcxproj]
build-windows	Build (Release)	2025-12-01T03:37:29.2854723Z D:\a\DM_simulation\DM_simulation\src\python\bindings.cpp(349,116): error C3878: syntax error: unexpected token 'sizeof' following 'expression' [D:\a\DM_simulation\DM_simulation\build\dm_ai_module.vcxproj]
build-windows	Build (Release)	2025-12-01T03:37:29.2855810Z D:\a\DM_simulation\DM_simulation\src\python\bindings.cpp(349,128): error C2760: syntax error: ')' was unexpected here; expected ';' [D:\a\DM_simulation\DM_simulation\build\dm_ai_module.vcxproj]
build-windows	Build (Release)	2025-12-01T03:37:29.2856902Z D:\a\DM_simulation\DM_simulation\src\python\bindings.cpp(349,128): error C3878: syntax error: unexpected token ')' following 'expression-statement' [D:\a\DM_simulation\DM_simulation\build\dm_ai_module.vcxproj]
build-windows	Build (Release)	2025-12-01T03:37:29.2858036Z D:\a\DM_simulation\DM_simulation\src\python\bindings.cpp(349,130): error C3878: syntax error: unexpected token ',' following 'statement' [D:\a\DM_simulation\DM_simulation\build\dm_ai_module.vcxproj]
build-windows	Build (Release)	2025-12-01T03:37:29.2859071Z D:\a\DM_simulation\DM_simulation\src\python\bindings.cpp(349,162): error C2760: syntax error: ')' was unexpected here; expected ';' [D:\a\DM_simulation\DM_simulation\build\dm_ai_module.vcxproj]
build-windows	Build (Release)	2025-12-01T03:37:29.2860139Z D:\a\DM_simulation\DM_simulation\src\python\bindings.cpp(349,162): error C3878: syntax error: unexpected token ')' following 'expression-statement' [D:\a\DM_simulation\DM_simulation\build\dm_ai_module.vcxproj]
build-windows	Build (Release)	2025-12-01T03:37:29.2861270Z D:\a\DM_simulation\DM_simulation\src\python\bindings.cpp(383,37): error C3878: syntax error: unexpected token 'rows' following 'expression' [D:\a\DM_simulation\DM_simulation\build\dm_ai_module.vcxproj]
build-windows	Build (Release)	2025-12-01T03:37:29.2862311Z D:\a\DM_simulation\DM_simulation\src\python\bindings.cpp(383,56): error C2760: syntax error: ']' was unexpected here; expected ';' [D:\a\DM_simulation\DM_simulation\build\dm_ai_module.vcxproj]
build-windows	Build (Release)	2025-12-01T03:37:29.2863391Z D:\a\DM_simulation\DM_simulation\src\python\bindings.cpp(383,56): error C3878: syntax error: unexpected token ']' following 'expression-statement' [D:\a\DM_simulation\DM_simulation\build\dm_ai_module.vcxproj]
build-windows	Build (Release)	2025-12-01T03:37:29.2864499Z D:\a\DM_simulation\DM_simulation\src\python\bindings.cpp(384,37): error C3878: syntax error: unexpected token 'cols' following 'expression' [D:\a\DM_simulation\DM_simulation\build\dm_ai_module.vcxproj]
build-windows	Build (Release)	2025-12-01T03:37:29.2865820Z D:\a\DM_simulation\DM_simulation\src\python\bindings.cpp(384,56): error C2760: syntax error: ']' was unexpected here; expected ';' [D:\a\DM_simulation\DM_simulation\build\dm_ai_module.vcxproj]
build-windows	Build (Release)	2025-12-01T03:37:29.2867242Z D:\a\DM_simulation\DM_simulation\src\python\bindings.cpp(384,56): error C3878: syntax error: unexpected token ']' following 'expression-statement' [D:\a\DM_simulation\DM_simulation\build\dm_ai_module.vcxproj]
build-windows	Build (Release)	2025-12-01T03:37:29.2868349Z D:\a\DM_simulation\DM_simulation\src\python\bindings.cpp(391,46): error C3878: syntax error: unexpected token 'i' following 'expression' [D:\a\DM_simulation\DM_simulation\build\dm_ai_module.vcxproj]
build-windows	Build (Release)	2025-12-01T03:37:29.2892271Z D:\a\DM_simulation\DM_simulation\src\python\bindings.cpp(391,61): error C2187: syntax error: ';' was unexpected here [D:\a\DM_simulation\DM_simulation\build\dm_ai_module.vcxproj]
build-windows	Build (Release)	2025-12-01T03:37:29.2895124Z D:\a\DM_simulation\DM_simulation\src\python\bindings.cpp(391,61): error C2760: syntax error: ';' was unexpected here; expected ')' [D:\a\DM_simulation\DM_simulation\build\dm_ai_module.vcxproj]
build-windows	Build (Release)	2025-12-01T03:37:29.2896597Z D:\a\DM_simulation\DM_simulation\src\python\bindings.cpp(391,66): error C2760: syntax error: ')' was unexpected here; expected ';' [D:\a\DM_simulation\DM_simulation\build\dm_ai_module.vcxproj]
build-windows	Build (Release)	2025-12-01T03:37:29.2897725Z D:\a\DM_simulation\DM_simulation\src\python\bindings.cpp(391,66): error C3878: syntax error: unexpected token ')' following 'expression-statement' [D:\a\DM_simulation\DM_simulation\build\dm_ai_module.vcxproj]
build-windows	Build (Release)	2025-12-01T03:37:29.2898887Z D:\a\DM_simulation\DM_simulation\src\python\bindings.cpp(391,66): error C3878: syntax error: unexpected token ')' following 'statement' [D:\a\DM_simulation\DM_simulation\build\dm_ai_module.vcxproj]
build-windows	Build (Release)	2025-12-01T03:37:29.2944945Z D:\a\DM_simulation\DM_simulation\src\python\bindings.cpp(391,66): error C3878: syntax error: unexpected token ')' following 'statement-seq' [D:\a\DM_simulation\DM_simulation\build\dm_ai_module.vcxproj]
build-windows	Build (Release)	2025-12-01T03:37:29.2954922Z       D:\a\DM_simulation\DM_simulation\src\python\bindings.cpp(391,66):
build-windows	Build (Release)	2025-12-01T03:37:29.2956214Z       missing one of:  '}' ?
build-windows	Build (Release)	2025-12-01T03:37:29.2956497Z   
build-windows	Build (Release)	2025-12-01T03:37:29.2957556Z D:\a\DM_simulation\DM_simulation\src\python\bindings.cpp(391,66): error C2760: syntax error: ')' was unexpected here; expected '}' [D:\a\DM_simulation\DM_simulation\build\dm_ai_module.vcxproj]
build-windows	Build (Release)	2025-12-01T03:37:29.2958736Z D:\a\DM_simulation\DM_simulation\src\python\bindings.cpp(391,66): error C3878: syntax error: unexpected token ')' following 'compound-statement' [D:\a\DM_simulation\DM_simulation\build\dm_ai_module.vcxproj]
build-windows	Build (Release)	2025-12-01T03:37:29.2959927Z D:\a\DM_simulation\DM_simulation\src\python\bindings.cpp(391,66): error C3878: syntax error: unexpected token ')' following 'selection-statement' [D:\a\DM_simulation\DM_simulation\build\dm_ai_module.vcxproj]
build-windows	Build (Release)	2025-12-01T03:37:29.2972521Z D:\a\DM_simulation\DM_simulation\src\python\bindings.cpp(394,31): error C2059: syntax error: 'else' [D:\a\DM_simulation\DM_simulation\build\dm_ai_module.vcxproj]
build-windows	Build (Release)	2025-12-01T03:37:29.2984354Z D:\a\DM_simulation\DM_simulation\src\python\bindings.cpp(394,88): error C2143: syntax error: missing ';' before '{' [D:\a\DM_simulation\DM_simulation\build\dm_ai_module.vcxproj]
build-windows	Build (Release)	2025-12-01T03:37:29.2987217Z D:\a\DM_simulation\DM_simulation\src\python\bindings.cpp(395,69): error C2065: 'info': undeclared identifier [D:\a\DM_simulation\DM_simulation\build\dm_ai_module.vcxproj]
build-windows	Build (Release)	2025-12-01T03:37:29.2990488Z D:\a\DM_simulation\DM_simulation\src\python\bindings.cpp(396,38): error C2065: 'ssize_t': undeclared identifier [D:\a\DM_simulation\DM_simulation\build\dm_ai_module.vcxproj]
build-windows	Build (Release)	2025-12-01T03:37:29.2992214Z D:\a\DM_simulation\DM_simulation\src\python\bindings.cpp(396,46): error C2146: syntax error: missing ';' before identifier 'i' [D:\a\DM_simulation\DM_simulation\build\dm_ai_module.vcxproj]
build-windows	Build (Release)	2025-12-01T03:37:29.2994177Z D:\a\DM_simulation\DM_simulation\src\python\bindings.cpp(396,48): error C2143: syntax error: missing ';' before '=' [D:\a\DM_simulation\DM_simulation\build\dm_ai_module.vcxproj]
build-windows	Build (Release)	2025-12-01T03:37:29.2996537Z D:\a\DM_simulation\DM_simulation\src\python\bindings.cpp(396,48): error C2143: syntax error: missing ')' before '=' [D:\a\DM_simulation\DM_simulation\build\dm_ai_module.vcxproj]
build-windows	Build (Release)	2025-12-01T03:37:29.2997686Z D:\a\DM_simulation\DM_simulation\src\python\bindings.cpp(396,48): error C2059: syntax error: '=' [D:\a\DM_simulation\DM_simulation\build\dm_ai_module.vcxproj]
build-windows	Build (Release)	2025-12-01T03:37:29.2998590Z D:\a\DM_simulation\DM_simulation\src\python\bindings.cpp(396,57): error C2065: 'rows': undeclared identifier [D:\a\DM_simulation\DM_simulation\build\dm_ai_module.vcxproj]
build-windows	Build (Release)	2025-12-01T03:37:29.2999473Z D:\a\DM_simulation\DM_simulation\src\python\bindings.cpp(396,61): error C2059: syntax error: ';' [D:\a\DM_simulation\DM_simulation\build\dm_ai_module.vcxproj]
build-windows	Build (Release)	2025-12-01T03:37:29.3000353Z D:\a\DM_simulation\DM_simulation\src\python\bindings.cpp(396,68): error C2143: syntax error: missing ';' before '{' [D:\a\DM_simulation\DM_simulation\build\dm_ai_module.vcxproj]
build-windows	Build (Release)	2025-12-01T03:37:29.3001265Z D:\a\DM_simulation\DM_simulation\src\python\bindings.cpp(399,61): error C2065: 'cols': undeclared identifier [D:\a\DM_simulation\DM_simulation\build\dm_ai_module.vcxproj]
build-windows	Build (Release)	2025-12-01T03:37:29.3002142Z D:\a\DM_simulation\DM_simulation\src\python\bindings.cpp(399,65): error C2059: syntax error: ';' [D:\a\DM_simulation\DM_simulation\build\dm_ai_module.vcxproj]
build-windows	Build (Release)	2025-12-01T03:37:29.3032002Z D:\a\DM_simulation\DM_simulation\src\python\bindings.cpp(399,100): error C2947: expecting '>' to terminate template-argument-list, found '<' [D:\a\DM_simulation\DM_simulation\build\dm_ai_module.vcxproj]
build-windows	Build (Release)	2025-12-01T03:37:29.3081030Z D:\a\DM_simulation\DM_simulation\src\python\bindings.cpp(399,101): error C2628: '' followed by 'float' is illegal (did you forget a ';'?) [D:\a\DM_simulation\DM_simulation\build\dm_ai_module.vcxproj]
build-windows	Build (Release)	2025-12-01T03:37:29.3084870Z D:\a\DM_simulation\DM_simulation\src\python\bindings.cpp(399,106): error C2947: expecting '>' to terminate template-argument-list, found '>' [D:\a\DM_simulation\DM_simulation\build\dm_ai_module.vcxproj]
build-windows	Build (Release)	2025-12-01T03:37:29.3087101Z D:\a\DM_simulation\DM_simulation\src\python\bindings.cpp(399,113): error C2065: 'i': undeclared identifier [D:\a\DM_simulation\DM_simulation\build\dm_ai_module.vcxproj]
build-windows	Build (Release)	2025-12-01T03:37:29.3088362Z D:\a\DM_simulation\DM_simulation\src\python\bindings.cpp(399,115): error C2065: 'cols': undeclared identifier [D:\a\DM_simulation\DM_simulation\build\dm_ai_module.vcxproj]
build-windows	Build (Release)	2025-12-01T03:37:29.3089360Z D:\a\DM_simulation\DM_simulation\src\python\bindings.cpp(399,122): error C2065: 'j': undeclared identifier [D:\a\DM_simulation\DM_simulation\build\dm_ai_module.vcxproj]
build-windows	Build (Release)	2025-12-01T03:37:29.3090357Z D:\a\DM_simulation\DM_simulation\src\python\bindings.cpp(399,108): error C2372: 'base': redefinition; different types of indirection [D:\a\DM_simulation\DM_simulation\build\dm_ai_module.vcxproj]
build-windows	Build (Release)	2025-12-01T03:37:29.3091249Z       D:\a\DM_simulation\DM_simulation\src\python\bindings.cpp(395,41):
build-windows	Build (Release)	2025-12-01T03:37:29.3091582Z       see declaration of 'base'
build-windows	Build (Release)	2025-12-01T03:37:29.3091779Z   
build-windows	Build (Release)	2025-12-01T03:37:29.3102050Z D:\a\DM_simulation\DM_simulation\src\python\bindings.cpp(401,31): error C2059: syntax error: 'else' [D:\a\DM_simulation\DM_simulation\build\dm_ai_module.vcxproj]
build-windows	Build (Release)	2025-12-01T03:37:29.3104454Z D:\a\DM_simulation\DM_simulation\src\python\bindings.cpp(401,36): error C2143: syntax error: missing ';' before '{' [D:\a\DM_simulation\DM_simulation\build\dm_ai_module.vcxproj]
build-windows	Build (Release)	2025-12-01T03:37:29.3106998Z D:\a\DM_simulation\DM_simulation\src\python\bindings.cpp(401,36): error C2447: '{': missing function header (old-style formal list?) [D:\a\DM_simulation\DM_simulation\build\dm_ai_module.vcxproj]
build-windows	Build (Release)	2025-12-01T03:37:29.3108994Z D:\a\DM_simulation\DM_simulation\src\python\bindings.cpp(410,25): error C2059: syntax error: '}' [D:\a\DM_simulation\DM_simulation\build\dm_ai_module.vcxproj]
build-windows	Build (Release)	2025-12-01T03:37:29.3110097Z D:\a\DM_simulation\DM_simulation\src\python\bindings.cpp(410,25): error C2143: syntax error: missing ';' before '}' [D:\a\DM_simulation\DM_simulation\build\dm_ai_module.vcxproj]
build-windows	Build (Release)	2025-12-01T03:37:29.3112666Z D:\a\DM_simulation\DM_simulation\src\python\bindings.cpp(411,21): error C2143: syntax error: missing ';' before '}' [D:\a\DM_simulation\DM_simulation\build\dm_ai_module.vcxproj]
build-windows	Build (Release)	2025-12-01T03:37:29.3113606Z D:\a\DM_simulation\DM_simulation\src\python\bindings.cpp(411,21): error C2059: syntax error: '}' [D:\a\DM_simulation\DM_simulation\build\dm_ai_module.vcxproj]
build-windows	Build (Release)	2025-12-01T03:37:29.3114593Z D:\a\DM_simulation\DM_simulation\src\python\bindings.cpp(413,25): error C3927: '->': trailing return type is not allowed after a non-function declarator [D:\a\DM_simulation\DM_simulation\build\dm_ai_module.vcxproj]
build-windows	Build (Release)	2025-12-01T03:37:29.3144956Z D:\a\DM_simulation\DM_simulation\src\python\bindings.cpp(413,28): error C3484: syntax error: expected '->' before the return type [D:\a\DM_simulation\DM_simulation\build\dm_ai_module.vcxproj]
build-windows	Build (Release)	2025-12-01T03:37:29.3199622Z D:\a\DM_simulation\DM_simulation\src\python\bindings.cpp(413,29): error C3613: missing return type after '->' ('int' assumed) [D:\a\DM_simulation\DM_simulation\build\dm_ai_module.vcxproj]
build-windows	Build (Release)	2025-12-01T03:37:29.3202921Z D:\a\DM_simulation\DM_simulation\src\python\bindings.cpp(413,25): error C4430: missing type specifier - int assumed. Note: C++ does not support default-int [D:\a\DM_simulation\DM_simulation\build\dm_ai_module.vcxproj]
build-windows	Build (Release)	2025-12-01T03:37:29.3207692Z D:\a\DM_simulation\DM_simulation\src\python\bindings.cpp(413,29): error C2146: syntax error: missing ';' before identifier 'first' [D:\a\DM_simulation\DM_simulation\build\dm_ai_module.vcxproj]
build-windows	Build (Release)	2025-12-01T03:37:29.3210831Z D:\a\DM_simulation\DM_simulation\src\python\bindings.cpp(414,42): error C2065: 'plist': undeclared identifier [D:\a\DM_simulation\DM_simulation\build\dm_ai_module.vcxproj]
build-windows	Build (Release)	2025-12-01T03:37:29.3217432Z D:\a\DM_simulation\DM_simulation\src\python\bindings.cpp(414,25): error C2059: syntax error: 'for' [D:\a\DM_simulation\DM_simulation\build\dm_ai_module.vcxproj]
build-windows	Build (Release)	2025-12-01T03:37:29.3219015Z D:\a\DM_simulation\DM_simulation\src\python\bindings.cpp(414,47): error C2059: syntax error: ')' [D:\a\DM_simulation\DM_simulation\build\dm_ai_module.vcxproj]
build-windows	Build (Release)	2025-12-01T03:37:29.3221131Z D:\a\DM_simulation\DM_simulation\src\python\bindings.cpp(414,42): error C4430: missing type specifier - int assumed. Note: C++ does not support default-int [D:\a\DM_simulation\DM_simulation\build\dm_ai_module.vcxproj]
build-windows	Build (Release)	2025-12-01T03:37:29.3224546Z D:\a\DM_simulation\DM_simulation\src\python\bindings.cpp(415,33): error C2275: 'pybind11::list': expected an expression instead of a type [D:\a\DM_simulation\DM_simulation\build\dm_ai_module.vcxproj]
build-windows	Build (Release)	2025-12-01T03:37:29.3228157Z D:\a\DM_simulation\DM_simulation\src\python\bindings.cpp(415,38): error C2146: syntax error: missing ')' before identifier 'row' [D:\a\DM_simulation\DM_simulation\build\dm_ai_module.vcxproj]
build-windows	Build (Release)	2025-12-01T03:37:29.3232461Z D:\a\DM_simulation\DM_simulation\src\python\bindings.cpp(417,29): error C3927: '->': trailing return type is not allowed after a non-function declarator [D:\a\DM_simulation\DM_simulation\build\dm_ai_module.vcxproj]
build-windows	Build (Release)	2025-12-01T03:37:29.3236404Z D:\a\DM_simulation\DM_simulation\src\python\bindings.cpp(417,31): error C3484: syntax error: expected '->' before the return type [D:\a\DM_simulation\DM_simulation\build\dm_ai_module.vcxproj]
build-windows	Build (Release)	2025-12-01T03:37:29.3240143Z D:\a\DM_simulation\DM_simulation\src\python\bindings.cpp(417,32): error C3613: missing return type after '->' ('int' assumed) [D:\a\DM_simulation\DM_simulation\build\dm_ai_module.vcxproj]
build-windows	Build (Release)	2025-12-01T03:37:29.3242929Z D:\a\DM_simulation\DM_simulation\src\python\bindings.cpp(417,29): error C4430: missing type specifier - int assumed. Note: C++ does not support default-int [D:\a\DM_simulation\DM_simulation\build\dm_ai_module.vcxproj]
build-windows	Build (Release)	2025-12-01T03:37:29.3244080Z D:\a\DM_simulation\DM_simulation\src\python\bindings.cpp(417,29): error C2371: 'pv': redefinition; different basic types [D:\a\DM_simulation\DM_simulation\build\dm_ai_module.vcxproj]
build-windows	Build (Release)	2025-12-01T03:37:29.3245193Z       D:\a\DM_simulation\DM_simulation\src\python\bindings.cpp(416,48):
build-windows	Build (Release)	2025-12-01T03:37:29.3245512Z       see declaration of 'pv'
build-windows	Build (Release)	2025-12-01T03:37:29.3245813Z   
build-windows	Build (Release)	2025-12-01T03:37:29.3246381Z D:\a\DM_simulation\DM_simulation\src\python\bindings.cpp(417,32): error C2146: syntax error: missing ';' before identifier 'reserve' [D:\a\DM_simulation\DM_simulation\build\dm_ai_module.vcxproj]
build-windows	Build (Release)	2025-12-01T03:37:29.3247366Z D:\a\DM_simulation\DM_simulation\src\python\bindings.cpp(418,43): error C2065: 'row': undeclared identifier [D:\a\DM_simulation\DM_simulation\build\dm_ai_module.vcxproj]
build-windows	Build (Release)	2025-12-01T03:37:29.3248231Z D:\a\DM_simulation\DM_simulation\src\python\bindings.cpp(418,29): error C2059: syntax error: 'for' [D:\a\DM_simulation\DM_simulation\build\dm_ai_module.vcxproj]
build-windows	Build (Release)	2025-12-01T03:37:29.3249045Z D:\a\DM_simulation\DM_simulation\src\python\bindings.cpp(418,46): error C2059: syntax error: ')' [D:\a\DM_simulation\DM_simulation\build\dm_ai_module.vcxproj]
build-windows	Build (Release)	2025-12-01T03:37:29.3250247Z D:\a\DM_simulation\DM_simulation\src\python\bindings.cpp(418,43): error C4430: missing type specifier - int assumed. Note: C++ does not support default-int [D:\a\DM_simulation\DM_simulation\build\dm_ai_module.vcxproj]
build-windows	Build (Release)	2025-12-01T03:37:29.3251389Z D:\a\DM_simulation\DM_simulation\src\python\bindings.cpp(418,48): error C2146: syntax error: missing ';' before identifier 'pv' [D:\a\DM_simulation\DM_simulation\build\dm_ai_module.vcxproj]
build-windows	Build (Release)	2025-12-01T03:37:29.3252450Z D:\a\DM_simulation\DM_simulation\src\python\bindings.cpp(419,29): error C3927: '->': trailing return type is not allowed after a non-function declarator [D:\a\DM_simulation\DM_simulation\build\dm_ai_module.vcxproj]
build-windows	Build (Release)	2025-12-01T03:37:29.3253529Z D:\a\DM_simulation\DM_simulation\src\python\bindings.cpp(419,32): error C3484: syntax error: expected '->' before the return type [D:\a\DM_simulation\DM_simulation\build\dm_ai_module.vcxproj]
build-windows	Build (Release)	2025-12-01T03:37:29.3254521Z D:\a\DM_simulation\DM_simulation\src\python\bindings.cpp(419,33): error C3613: missing return type after '->' ('int' assumed) [D:\a\DM_simulation\DM_simulation\build\dm_ai_module.vcxproj]
build-windows	Build (Release)	2025-12-01T03:37:29.3255586Z D:\a\DM_simulation\DM_simulation\src\python\bindings.cpp(419,29): error C4430: missing type specifier - int assumed. Note: C++ does not support default-int [D:\a\DM_simulation\DM_simulation\build\dm_ai_module.vcxproj]
build-windows	Build (Release)	2025-12-01T03:37:29.3256604Z D:\a\DM_simulation\DM_simulation\src\python\bindings.cpp(419,29): error C2086: 'int out': redefinition [D:\a\DM_simulation\DM_simulation\build\dm_ai_module.vcxproj]
build-windows	Build (Release)	2025-12-01T03:37:29.3257222Z       D:\a\DM_simulation\DM_simulation\src\python\bindings.cpp(413,25):
build-windows	Build (Release)	2025-12-01T03:37:29.3257514Z       see declaration of 'out'
build-windows	Build (Release)	2025-12-01T03:37:29.3257704Z   
build-windows	Build (Release)	2025-12-01T03:37:29.3258251Z D:\a\DM_simulation\DM_simulation\src\python\bindings.cpp(419,33): error C2146: syntax error: missing ';' before identifier 'first' [D:\a\DM_simulation\DM_simulation\build\dm_ai_module.vcxproj]
build-windows	Build (Release)	2025-12-01T03:37:29.3259171Z D:\a\DM_simulation\DM_simulation\src\python\bindings.cpp(420,25): error C2059: syntax error: '}' [D:\a\DM_simulation\DM_simulation\build\dm_ai_module.vcxproj]
build-windows	Build (Release)	2025-12-01T03:37:29.3260036Z D:\a\DM_simulation\DM_simulation\src\python\bindings.cpp(420,25): error C2143: syntax error: missing ';' before '}' [D:\a\DM_simulation\DM_simulation\build\dm_ai_module.vcxproj]
build-windows	Build (Release)	2025-12-01T03:37:29.3261014Z D:\a\DM_simulation\DM_simulation\src\python\bindings.cpp(420,25): error C1003: error count exceeds 100; stopping compilation [D:\a\DM_simulation\DM_simulation\build\dm_ai_module.vcxproj]
build-windows	Build (Release)	2025-12-01T03:37:29.5603369Z ##[error]Process completed with exit code 1.
build-windows	Post Checkout	ï»¿2025-12-01T03:37:29.5832213Z Post job cleanup.
build-windows	Post Checkout	2025-12-01T03:37:29.8370181Z [command]"C:\Program Files\Git\bin\git.exe" version
build-windows	Post Checkout	2025-12-01T03:37:29.8654356Z git version 2.51.2.windows.1
build-windows	Post Checkout	2025-12-01T03:37:29.8731655Z Temporarily overriding HOME='D:\a\_temp\e9435449-961a-4a00-882d-eab30dd46c66' before making global git config changes
build-windows	Post Checkout	2025-12-01T03:37:29.8732568Z Adding repository directory to the temporary git global config as a safe directory
build-windows	Post Checkout	2025-12-01T03:37:29.8743098Z [command]"C:\Program Files\Git\bin\git.exe" config --global --add safe.directory D:\a\DM_simulation\DM_simulation
build-windows	Post Checkout	2025-12-01T03:37:29.9032091Z [command]"C:\Program Files\Git\bin\git.exe" config --local --name-only --get-regexp core\.sshCommand
build-windows	Post Checkout	2025-12-01T03:37:29.9317062Z [command]"C:\Program Files\Git\bin\git.exe" submodule foreach --recursive "sh -c \"git config --local --name-only --get-regexp 'core\.sshCommand' && git config --local --unset-all 'core.sshCommand' || :\""
build-windows	Post Checkout	2025-12-01T03:37:30.4581137Z [command]"C:\Program Files\Git\bin\git.exe" config --local --name-only --get-regexp http\.https\:\/\/github\.com\/\.extraheader
build-windows	Post Checkout	2025-12-01T03:37:30.4830155Z http.https://github.com/.extraheader
build-windows	Post Checkout	2025-12-01T03:37:30.4869242Z [command]"C:\Program Files\Git\bin\git.exe" config --local --unset-all http.https://github.com/.extraheader
build-windows	Post Checkout	2025-12-01T03:37:30.5151328Z [command]"C:\Program Files\Git\bin\git.exe" submodule foreach --recursive "sh -c \"git config --local --name-only --get-regexp 'http\.https\:\/\/github\.com\/\.extraheader' && git config --local --unset-all 'http.https://github.com/.extraheader' || :\""
build-windows	Post Checkout	2025-12-01T03:37:31.0254171Z [command]"C:\Program Files\Git\bin\git.exe" config --local --name-only --get-regexp ^includeIf\.gitdir:
build-windows	Post Checkout	2025-12-01T03:37:31.0535472Z [command]"C:\Program Files\Git\bin\git.exe" submodule foreach --recursive "git config --local --show-origin --name-only --get-regexp remote.origin.url"
build-windows	Complete job	ï»¿2025-12-01T03:37:31.5662827Z Cleaning up orphan processes
build-windows	Complete job	2025-12-01T03:37:31.5863048Z Terminate orphan process: pid (7968) (vctip)
build-windows	Complete job	2025-12-01T03:37:31.5958261Z Terminate orphan process: pid (1876) (MSBuild)
build-windows	Complete job	2025-12-01T03:37:31.6006949Z Terminate orphan process: pid (1984) (conhost)
